// Jest Snapshot v1, https://goo.gl/fbAQLP

exports[`src/components/common/ClusterStatusBoard.tsx matched snapshot 1`] = `
<div
  className="wrap"
>
  <div
    className="item"
  >
    <span
      className="title"
    >
      개포
      <span
        className="count"
      >
        <span
          data-testid="개포-cadet-count"
        >
          0
           / 
          0
        </span>
      </span>
      <div
        className="circle green"
        role="status"
      />
    </span>
  </div>
  <div
    className="item"
  >
    <span
      className="title"
    >
      서초
      <span
        className="count"
      >
        <span
          data-testid="서초-cadet-count"
        >
          0
           / 
          0
        </span>
      </span>
      <div
        className="circle green"
        role="status"
      />
    </span>
  </div>
</div>
`;
