// Jest Snapshot v1, https://goo.gl/fbAQLP

exports[`src/components/CheckInForm.tsx matches snapshot 1`] = `
<form
  className="check-in-form"
  onSubmit={[MockFunction]}
>
  <input
    className="cardNumber"
    inputMode="decimal"
    min={1}
    onChange={[Function]}
    placeholder="카드 번호"
    step={1}
    tabIndex={0}
    type="number"
    value=""
  />
  <div
    className="checkWrap"
  >
    <label
      className="text"
    >
      <input
        checked={false}
        className="checkbox"
        onChange={[Function]}
        type="checkbox"
      />
      방역수칙에 동의하고 입장합니다.
    </label>
    <button
      className="checkDetail"
      onClick={[MockFunction]}
      type="button"
    >
      자세히
    </button>
  </div>
  <button
    className="button green"
    color="green"
    disabled={true}
    type="submit"
  >
    CHECK IN
  </button>
</form>
`;
