// Jest Snapshot v1, https://goo.gl/fbAQLP

exports[`src/components/CheckOutForm.tsx matches snapshot 1`] = `
<form
  className="checkout-info-wrapper"
>
  <p>
    카드 번호
  </p>
  <p
    className="cardNum"
  >
    
  </p>
  <div
    className="slider-wrapper"
  >
    <input
      className="slider"
      max={99}
      min={0}
      onInput={[Function]}
      onMouseUp={[Function]}
      onTouchEnd={[Function]}
      type="range"
      value={0}
    />
    <p
      className="slider-backgroundText"
      role="contentinfo"
    >
      밀어서 체크아웃
    </p>
  </div>
</form>
`;
